exports[`test AddTodo should render 1`] = `
<div>
  <input />
  <button
    onClick={[Function]}>
    Add Todo
  </button>
</div>
`;
