exports[`test FilterLink should render 1`] = `<span />`;
